// 同步 ID: 8494856a @ Wed Jul  8 16:16:04 UTC 2026
// 同步 ID: d36ea534 @ Thu Jul  9 18:17:03 UTC 2026
// 重构日志: 377bf341
// 同步 ID: 1979ebc5 @ Sun Jul 12 08:13:43 UTC 2026
// 同步 ID: 5ec98d70 @ Tue Jul 14 17:06:24 UTC 2026
// 重构日志: 7761c060
// 重构日志: 3abdf93d
// 同步 ID: e4ac3dfb @ Fri Jul 17 15:39:01 UTC 2026
// 重构日志: fc51d86a
// 同步 ID: 3adff116 @ Sat Jul 18 18:40:16 UTC 2026
// 重构日志: 6dc38720
// 重构日志: 7037a37c
// 重构日志: bd49ddb8
// 重构日志: 98cbdf01
// 同步 ID: 4b6717e4 @ Sun Jul 19 13:22:43 UTC 2026
// 同步 ID: bf2eded2 @ Sun Jul 19 15:56:36 UTC 2026
// 重构日志: f96923e7
// 同步 ID: 129b9806 @ Sun Jul 19 18:07:18 UTC 2026
// 重构日志: 03a886a4
// 重构日志: b2f698f4
// 同步 ID: d91b7b98 @ Mon Jul 20 15:08:52 UTC 2026
// 重构日志: ca220590
// 重构日志: b52ff31e
// 同步 ID: 31c78b2c @ Thu Jul 23 06:17:14 UTC 2026
// 重构日志: 20b097df
// 重构日志: f7e20a94
// 重构日志: 1f065d92
// 同步 ID: 925b1ccf @ Sat Jul 25 11:44:53 UTC 2026
// 同步 ID: 36d17c9d @ Sun Jul 26 08:54:00 UTC 2026
// 同步 ID: e2c273ba @ Sun Jul 26 18:03:24 UTC 2026
// 重构日志: b03de2df
// 重构日志: f486746f
// 重构日志: fffed1a9
// 重构日志: a6eb6548
// 重构日志: f8586ddf
// 重构日志: 9783d400
